((width 64) (height 64))
((macroblock 0) (subblock 0) (block_number 0) (x_pos 0) (y_pos 0))
((macroblock 0) (subblock 1) (block_number 1) (x_pos 0) (y_pos 0))
((macroblock 0) (subblock 2) (block_number 2) (x_pos 0) (y_pos 0))
((macroblock 0) (subblock 3) (block_number 3) (x_pos 0) (y_pos 0))
((macroblock 0) (subblock 4) (block_number 4) (x_pos 0) (y_pos 0))
((macroblock 0) (subblock 5) (block_number 5) (x_pos 0) (y_pos 0))
((macroblock 1) (subblock 0) (block_number 6) (x_pos 1) (y_pos 0))
((macroblock 1) (subblock 1) (block_number 7) (x_pos 1) (y_pos 0))
((macroblock 1) (subblock 2) (block_number 8) (x_pos 1) (y_pos 0))
((macroblock 1) (subblock 3) (block_number 9) (x_pos 1) (y_pos 0))
((macroblock 1) (subblock 4) (block_number 10) (x_pos 1) (y_pos 0))
((macroblock 1) (subblock 5) (block_number 11) (x_pos 1) (y_pos 0))
((macroblock 2) (subblock 0) (block_number 12) (x_pos 2) (y_pos 0))
((macroblock 2) (subblock 1) (block_number 13) (x_pos 2) (y_pos 0))
((macroblock 2) (subblock 2) (block_number 14) (x_pos 2) (y_pos 0))
((macroblock 2) (subblock 3) (block_number 15) (x_pos 2) (y_pos 0))
((macroblock 2) (subblock 4) (block_number 16) (x_pos 2) (y_pos 0))
((macroblock 2) (subblock 5) (block_number 17) (x_pos 2) (y_pos 0))
((macroblock 3) (subblock 0) (block_number 18) (x_pos 3) (y_pos 0))
((macroblock 3) (subblock 1) (block_number 19) (x_pos 3) (y_pos 0))
((macroblock 3) (subblock 2) (block_number 20) (x_pos 3) (y_pos 0))
((macroblock 3) (subblock 3) (block_number 21) (x_pos 3) (y_pos 0))
((macroblock 3) (subblock 4) (block_number 22) (x_pos 3) (y_pos 0))
((macroblock 3) (subblock 5) (block_number 23) (x_pos 3) (y_pos 0))
((macroblock 4) (subblock 0) (block_number 24) (x_pos 0) (y_pos 1))
((macroblock 4) (subblock 1) (block_number 25) (x_pos 0) (y_pos 1))
((macroblock 4) (subblock 2) (block_number 26) (x_pos 0) (y_pos 1))
((macroblock 4) (subblock 3) (block_number 27) (x_pos 0) (y_pos 1))
((macroblock 4) (subblock 4) (block_number 28) (x_pos 0) (y_pos 1))
((macroblock 4) (subblock 5) (block_number 29) (x_pos 0) (y_pos 1))
((macroblock 5) (subblock 0) (block_number 30) (x_pos 1) (y_pos 1))
((macroblock 5) (subblock 1) (block_number 31) (x_pos 1) (y_pos 1))
((macroblock 5) (subblock 2) (block_number 32) (x_pos 1) (y_pos 1))
((macroblock 5) (subblock 3) (block_number 33) (x_pos 1) (y_pos 1))
((macroblock 5) (subblock 4) (block_number 34) (x_pos 1) (y_pos 1))
((macroblock 5) (subblock 5) (block_number 35) (x_pos 1) (y_pos 1))
((macroblock 6) (subblock 0) (block_number 36) (x_pos 2) (y_pos 1))
((macroblock 6) (subblock 1) (block_number 37) (x_pos 2) (y_pos 1))
((macroblock 6) (subblock 2) (block_number 38) (x_pos 2) (y_pos 1))
((macroblock 6) (subblock 3) (block_number 39) (x_pos 2) (y_pos 1))
((macroblock 6) (subblock 4) (block_number 40) (x_pos 2) (y_pos 1))
((macroblock 6) (subblock 5) (block_number 41) (x_pos 2) (y_pos 1))
((macroblock 7) (subblock 0) (block_number 42) (x_pos 3) (y_pos 1))
((macroblock 7) (subblock 1) (block_number 43) (x_pos 3) (y_pos 1))
((macroblock 7) (subblock 2) (block_number 44) (x_pos 3) (y_pos 1))
((macroblock 7) (subblock 3) (block_number 45) (x_pos 3) (y_pos 1))
((macroblock 7) (subblock 4) (block_number 46) (x_pos 3) (y_pos 1))
((macroblock 7) (subblock 5) (block_number 47) (x_pos 3) (y_pos 1))
((macroblock 8) (subblock 0) (block_number 48) (x_pos 0) (y_pos 2))
((macroblock 8) (subblock 1) (block_number 49) (x_pos 0) (y_pos 2))
((macroblock 8) (subblock 2) (block_number 50) (x_pos 0) (y_pos 2))
((macroblock 8) (subblock 3) (block_number 51) (x_pos 0) (y_pos 2))
((macroblock 8) (subblock 4) (block_number 52) (x_pos 0) (y_pos 2))
((macroblock 8) (subblock 5) (block_number 53) (x_pos 0) (y_pos 2))
((macroblock 9) (subblock 0) (block_number 54) (x_pos 1) (y_pos 2))
((macroblock 9) (subblock 1) (block_number 55) (x_pos 1) (y_pos 2))
((macroblock 9) (subblock 2) (block_number 56) (x_pos 1) (y_pos 2))
((macroblock 9) (subblock 3) (block_number 57) (x_pos 1) (y_pos 2))
((macroblock 9) (subblock 4) (block_number 58) (x_pos 1) (y_pos 2))
((macroblock 9) (subblock 5) (block_number 59) (x_pos 1) (y_pos 2))
((macroblock 10) (subblock 0) (block_number 60) (x_pos 2) (y_pos 2))
((macroblock 10) (subblock 1) (block_number 61) (x_pos 2) (y_pos 2))
((macroblock 10) (subblock 2) (block_number 62) (x_pos 2) (y_pos 2))
((macroblock 10) (subblock 3) (block_number 63) (x_pos 2) (y_pos 2))
((macroblock 10) (subblock 4) (block_number 64) (x_pos 2) (y_pos 2))
((macroblock 10) (subblock 5) (block_number 65) (x_pos 2) (y_pos 2))
((macroblock 11) (subblock 0) (block_number 66) (x_pos 3) (y_pos 2))
((macroblock 11) (subblock 1) (block_number 67) (x_pos 3) (y_pos 2))
((macroblock 11) (subblock 2) (block_number 68) (x_pos 3) (y_pos 2))
((macroblock 11) (subblock 3) (block_number 69) (x_pos 3) (y_pos 2))
((macroblock 11) (subblock 4) (block_number 70) (x_pos 3) (y_pos 2))
((macroblock 11) (subblock 5) (block_number 71) (x_pos 3) (y_pos 2))
((macroblock 12) (subblock 0) (block_number 72) (x_pos 0) (y_pos 3))
((macroblock 12) (subblock 1) (block_number 73) (x_pos 0) (y_pos 3))
((macroblock 12) (subblock 2) (block_number 74) (x_pos 0) (y_pos 3))
((macroblock 12) (subblock 3) (block_number 75) (x_pos 0) (y_pos 3))
((macroblock 12) (subblock 4) (block_number 76) (x_pos 0) (y_pos 3))
((macroblock 12) (subblock 5) (block_number 77) (x_pos 0) (y_pos 3))
((macroblock 13) (subblock 0) (block_number 78) (x_pos 1) (y_pos 3))
((macroblock 13) (subblock 1) (block_number 79) (x_pos 1) (y_pos 3))
((macroblock 13) (subblock 2) (block_number 80) (x_pos 1) (y_pos 3))
((macroblock 13) (subblock 3) (block_number 81) (x_pos 1) (y_pos 3))
((macroblock 13) (subblock 4) (block_number 82) (x_pos 1) (y_pos 3))
((macroblock 13) (subblock 5) (block_number 83) (x_pos 1) (y_pos 3))
((macroblock 14) (subblock 0) (block_number 84) (x_pos 2) (y_pos 3))
((macroblock 14) (subblock 1) (block_number 85) (x_pos 2) (y_pos 3))
((macroblock 14) (subblock 2) (block_number 86) (x_pos 2) (y_pos 3))
((macroblock 14) (subblock 3) (block_number 87) (x_pos 2) (y_pos 3))
((macroblock 14) (subblock 4) (block_number 88) (x_pos 2) (y_pos 3))
((macroblock 14) (subblock 5) (block_number 89) (x_pos 2) (y_pos 3))
((macroblock 15) (subblock 0) (block_number 90) (x_pos 3) (y_pos 3))
((macroblock 15) (subblock 1) (block_number 91) (x_pos 3) (y_pos 3))
((macroblock 15) (subblock 2) (block_number 92) (x_pos 3) (y_pos 3))
((macroblock 15) (subblock 3) (block_number 93) (x_pos 3) (y_pos 3))
((macroblock 15) (subblock 4) (block_number 94) (x_pos 3) (y_pos 3))
((macroblock 15) (subblock 5) (block_number 95) (x_pos 3) (y_pos 3))
