((width 64) (height 64))
((macroblock 0) (subblock 0) (block_number 0) (x_pos 0) (y_pos 0))
((macroblock 0) (subblock 1) (block_number 1) (x_pos 0) (y_pos 0))
((macroblock 0) (subblock 2) (block_number 2) (x_pos 0) (y_pos 0))
((macroblock 0) (subblock 3) (block_number 3) (x_pos 0) (y_pos 0))
((macroblock 0) (subblock 4) (block_number 4) (x_pos 0) (y_pos 0))
((macroblock 0) (subblock 5) (block_number 5) (x_pos 0) (y_pos 0))
((macroblock 1) (subblock 0) (block_number 6) (x_pos 1) (y_pos 0))
((macroblock 1) (subblock 1) (block_number 7) (x_pos 1) (y_pos 0))
((macroblock 1) (subblock 2) (block_number 8) (x_pos 1) (y_pos 0))
((macroblock 1) (subblock 3) (block_number 9) (x_pos 1) (y_pos 0))
((macroblock 1) (subblock 4) (block_number 10) (x_pos 1) (y_pos 0))
((macroblock 1) (subblock 5) (block_number 11) (x_pos 1) (y_pos 0))
((macroblock 2) (subblock 0) (block_number 12) (x_pos 2) (y_pos 0))
((macroblock 2) (subblock 1) (block_number 13) (x_pos 2) (y_pos 0))
((macroblock 2) (subblock 2) (block_number 14) (x_pos 2) (y_pos 0))
((macroblock 2) (subblock 3) (block_number 15) (x_pos 2) (y_pos 0))
((macroblock 2) (subblock 4) (block_number 16) (x_pos 2) (y_pos 0))
((macroblock 2) (subblock 5) (block_number 17) (x_pos 2) (y_pos 0))
((macroblock 3) (subblock 0) (block_number 18) (x_pos 3) (y_pos 0))
((macroblock 3) (subblock 1) (block_number 19) (x_pos 3) (y_pos 0))
((macroblock 3) (subblock 2) (block_number 20) (x_pos 3) (y_pos 0))
((macroblock 3) (subblock 3) (block_number 21) (x_pos 3) (y_pos 0))
((macroblock 3) (subblock 4) (block_number 22) (x_pos 3) (y_pos 0))
((macroblock 3) (subblock 5) (block_number 23) (x_pos 3) (y_pos 0))
((macroblock 4) (subblock 0) (block_number 24) (x_pos 0) (y_pos 1))
((macroblock 4) (subblock 1) (block_number 25) (x_pos 0) (y_pos 1))
((macroblock 4) (subblock 2) (block_number 26) (x_pos 0) (y_pos 1))
((macroblock 4) (subblock 3) (block_number 27) (x_pos 0) (y_pos 1))
((macroblock 4) (subblock 4) (block_number 28) (x_pos 0) (y_pos 1))
((macroblock 4) (subblock 5) (block_number 29) (x_pos 0) (y_pos 1))
((macroblock 5) (subblock 0) (block_number 30) (x_pos 1) (y_pos 1))
((macroblock 5) (subblock 1) (block_number 31) (x_pos 1) (y_pos 1))
((macroblock 5) (subblock 2) (block_number 32) (x_pos 1) (y_pos 1))
((macroblock 5) (subblock 3) (block_number 33) (x_pos 1) (y_pos 1))
((macroblock 5) (subblock 4) (block_number 34) (x_pos 1) (y_pos 1))
((macroblock 5) (subblock 5) (block_number 35) (x_pos 1) (y_pos 1))
((macroblock 6) (subblock 0) (block_number 36) (x_pos 2) (y_pos 1))
((macroblock 6) (subblock 1) (block_number 37) (x_pos 2) (y_pos 1))
((macroblock 6) (subblock 2) (block_number 38) (x_pos 2) (y_pos 1))
((macroblock 6) (subblock 3) (block_number 39) (x_pos 2) (y_pos 1))
((macroblock 6) (subblock 4) (block_number 40) (x_pos 2) (y_pos 1))
((macroblock 6) (subblock 5) (block_number 41) (x_pos 2) (y_pos 1))
((macroblock 7) (subblock 0) (block_number 42) (x_pos 3) (y_pos 1))
((macroblock 7) (subblock 1) (block_number 43) (x_pos 3) (y_pos 1))
((macroblock 7) (subblock 2) (block_number 44) (x_pos 3) (y_pos 1))
((macroblock 7) (subblock 3) (block_number 45) (x_pos 3) (y_pos 1))
((macroblock 7) (subblock 4) (block_number 46) (x_pos 3) (y_pos 1))
((macroblock 7) (subblock 5) (block_number 47) (x_pos 3) (y_pos 1))
((macroblock 8) (subblock 0) (block_number 48) (x_pos 0) (y_pos 2))
((macroblock 8) (subblock 1) (block_number 49) (x_pos 0) (y_pos 2))
((macroblock 8) (subblock 2) (block_number 50) (x_pos 0) (y_pos 2))
((macroblock 8) (subblock 3) (block_number 51) (x_pos 0) (y_pos 2))
((macroblock 8) (subblock 4) (block_number 52) (x_pos 0) (y_pos 2))
((macroblock 8) (subblock 5) (block_number 53) (x_pos 0) (y_pos 2))
((macroblock 9) (subblock 0) (block_number 54) (x_pos 1) (y_pos 2))
((macroblock 9) (subblock 1) (block_number 55) (x_pos 1) (y_pos 2))
((macroblock 9) (subblock 2) (block_number 56) (x_pos 1) (y_pos 2))
((macroblock 9) (subblock 3) (block_number 57) (x_pos 1) (y_pos 2))
((macroblock 9) (subblock 4) (block_number 58) (x_pos 1) (y_pos 2))
((macroblock 9) (subblock 5) (block_number 59) (x_pos 1) (y_pos 2))
((macroblock 10) (subblock 0) (block_number 60) (x_pos 2) (y_pos 2))
((macroblock 10) (subblock 1) (block_number 61) (x_pos 2) (y_pos 2))
((macroblock 10) (subblock 2) (block_number 62) (x_pos 2) (y_pos 2))
((macroblock 10) (subblock 3) (block_number 63) (x_pos 2) (y_pos 2))
((macroblock 10) (subblock 4) (block_number 64) (x_pos 2) (y_pos 2))
((macroblock 10) (subblock 5) (block_number 65) (x_pos 2) (y_pos 2))
((macroblock 11) (subblock 0) (block_number 66) (x_pos 3) (y_pos 2))
((macroblock 11) (subblock 1) (block_number 67) (x_pos 3) (y_pos 2))
((macroblock 11) (subblock 2) (block_number 68) (x_pos 3) (y_pos 2))
((macroblock 11) (subblock 3) (block_number 69) (x_pos 3) (y_pos 2))
((macroblock 11) (subblock 4) (block_number 70) (x_pos 3) (y_pos 2))
((macroblock 11) (subblock 5) (block_number 71) (x_pos 3) (y_pos 2))
((macroblock 12) (subblock 0) (block_number 72) (x_pos 0) (y_pos 3))
((macroblock 12) (subblock 1) (block_number 73) (x_pos 0) (y_pos 3))
((macroblock 12) (subblock 2) (block_number 74) (x_pos 0) (y_pos 3))
((macroblock 12) (subblock 3) (block_number 75) (x_pos 0) (y_pos 3))
((macroblock 12) (subblock 4) (block_number 76) (x_pos 0) (y_pos 3))
((macroblock 12) (subblock 5) (block_number 77) (x_pos 0) (y_pos 3))
((macroblock 13) (subblock 0) (block_number 78) (x_pos 1) (y_pos 3))
((macroblock 13) (subblock 1) (block_number 79) (x_pos 1) (y_pos 3))
((macroblock 13) (subblock 2) (block_number 80) (x_pos 1) (y_pos 3))
((macroblock 13) (subblock 3) (block_number 81) (x_pos 1) (y_pos 3))
((macroblock 13) (subblock 4) (block_number 82) (x_pos 1) (y_pos 3))
((macroblock 13) (subblock 5) (block_number 83) (x_pos 1) (y_pos 3))
((macroblock 14) (subblock 0) (block_number 84) (x_pos 2) (y_pos 3))
((macroblock 14) (subblock 1) (block_number 85) (x_pos 2) (y_pos 3))
((macroblock 14) (subblock 2) (block_number 86) (x_pos 2) (y_pos 3))
((macroblock 14) (subblock 3) (block_number 87) (x_pos 2) (y_pos 3))
((macroblock 14) (subblock 4) (block_number 88) (x_pos 2) (y_pos 3))
((macroblock 14) (subblock 5) (block_number 89) (x_pos 2) (y_pos 3))
((macroblock 15) (subblock 0) (block_number 90) (x_pos 3) (y_pos 3))
((macroblock 15) (subblock 1) (block_number 91) (x_pos 3) (y_pos 3))
((macroblock 15) (subblock 2) (block_number 92) (x_pos 3) (y_pos 3))
((macroblock 15) (subblock 3) (block_number 93) (x_pos 3) (y_pos 3))
((macroblock 15) (subblock 4) (block_number 94) (x_pos 3) (y_pos 3))
((macroblock 15) (subblock 5) (block_number 95) (x_pos 3) (y_pos 3))
((block_number 95) (max_reconstructed_diff 38)
 (pixels
  ((71 71 72 72 73 74 74 74) (71 72 72 73 73 74 74 75)
   (72 72 73 73 74 74 75 75) (73 73 73 74 75 75 76 76)
   (74 74 74 75 75 76 76 77) (74 75 75 76 76 77 77 77)
   (75 75 76 76 77 77 78 78) (75 76 76 77 77 78 78 78)))
 (comp
  ((x 24) (y 24) (dc_pred 16) (component.identifier 3)
   (coefs
    ((000 002 001 fff 000 000 000 000) (000 000 000 000 000 000 000 000)
     (000 000 000 000 000 000 000 000) (000 000 000 000 000 000 000 000)
     (000 000 000 000 000 000 000 000) (000 000 000 000 000 000 000 000)
     (000 000 000 000 000 000 000 000) (000 000 000 000 000 000 000 000)))
   (dequant
    ((090 012 000 000 000 000 000 000) (00c 000 000 000 000 000 000 000)
     (fe8 000 000 000 000 000 000 000) (000 000 000 000 000 000 000 000)
     (000 000 000 000 000 000 000 000) (000 000 000 000 000 000 000 000)
     (000 000 000 000 000 000 000 000) (000 000 000 000 000 000 000 000)))
   (idct
    ((13 13 12 11 10 0e 0e 0d) (15 15 14 13 12 10 10 0f)
     (18 17 17 15 14 13 12 12) (19 19 18 17 16 15 14 13)
     (19 18 17 16 15 14 13 12) (16 15 14 13 12 11 10 0f)
     (12 11 10 0f 0e 0d 0c 0b) (0f 0f 0e 0d 0b 0a 09 09)))
   (recon
    ((93 93 92 91 90 8e 8e 8d) (95 95 94 93 92 90 90 8f)
     (98 97 97 95 94 93 92 92) (99 99 98 97 96 95 94 93)
     (99 98 97 96 95 94 93 92) (96 95 94 93 92 91 90 8f)
     (92 91 90 8f 8e 8d 8c 8b) (8f 8f 8e 8d 8b 8a 89 89))))))
